/* Avoid modifying a symbol set after it has been released
   When adding features in a new release, add a new set
   Removing features is a breaking change */
LIBAUDIT_4.1 {
  global:
    auparse_add_callback;
    auparse_destroy;
    auparse_destroy_ext;
    auparse_do_interpretation;
    auparse_feed;
    auparse_feed_age_events;
    auparse_feed_has_data;
    auparse_feed_has_ready_event;
    auparse_find_field;
    auparse_find_field_next;
    auparse_first_field;
    auparse_first_record;
    _auparse_flush_caches;
    auparse_flush_feed;
    _auparse_free_interpretations;
    auparse_get_field_int;
    auparse_get_field_name;
    auparse_get_field_num;
    auparse_get_field_str;
    auparse_get_field_type;
    auparse_get_filename;
    auparse_get_line_number;
    auparse_get_milli;
    auparse_get_node;
    auparse_get_num_fields;
    auparse_get_num_records;
    auparse_get_record_interpretations;
    auparse_get_record_num;
    auparse_get_record_text;
    auparse_get_serial;
    auparse_get_time;
    auparse_get_timestamp;
    auparse_get_type;
    auparse_get_type_name;
    auparse_goto_field_num;
    auparse_goto_record_num;
    auparse_init;
    auparse_interp_adjust_type;
    auparse_interpret_field;
    auparse_interpret_realpath;
    auparse_interpret_sock_address;
    auparse_interpret_sock_family;
    auparse_interpret_sock_port;
    _auparse_load_interpretations;
    _auparse_lookup_interpretation;
    auparse_metrics;
    auparse_new_buffer;
    auparse_next_event;
    auparse_next_field;
    auparse_next_record;
    auparse_node_compare;
    auparse_normalize;
    auparse_normalize_get_action;
    auparse_normalize_get_event_kind;
    auparse_normalize_get_results;
    auparse_normalize_how;
    auparse_normalize_key;
    auparse_normalize_object_first_attribute;
    auparse_normalize_object_kind;
    auparse_normalize_object_kind_int;
    auparse_normalize_object_next_attribute;
    auparse_normalize_object_primary;
    auparse_normalize_object_primary2;
    auparse_normalize_object_secondary;
    auparse_normalize_session;
    auparse_normalize_subject_first_attribute;
    auparse_normalize_subject_kind;
    auparse_normalize_subject_next_attribute;
    auparse_normalize_subject_primary;
    auparse_normalize_subject_secondary;
    auparse_reset;
    auparse_set_eoe_timeout;
    auparse_set_escape_mode;
    auparse_timestamp_compare;
    ausearch_add_expression;
    ausearch_add_interpreted_item;
    ausearch_add_item;
    ausearch_add_regex;
    ausearch_add_timestamp_item;
    ausearch_add_timestamp_item_ex;
    ausearch_clear;
    ausearch_cur_event;
    ausearch_next_event;
    ausearch_set_stop;
};
