/* Avoid modifying a symbol set after it has been released
   When adding features in a new release, add a new set
   Removing features is a breaking change */
LIBAUDIT_4.1 {
  global:
    audit_action_to_name;
    audit_add_rule_data;
    audit_add_watch;
    audit_add_watch_dir;
    audit_can_control;
    audit_can_read;
    audit_can_write;
    audit_close;
    audit_delete_rule_data;
    audit_detect_machine;
    audit_determine_machine;
    audit_elf_to_machine;
    audit_encode_nv_string;
    audit_encode_value;
    audit_errno_to_name;
    audit_field_to_name;
    audit_flag_to_name;
    audit_format_signal_info;
    audit_fstype_to_name;
    audit_ftype_to_name;
    audit_get_features;
    audit_getloginuid;
    audit_get_reply;
    audit_get_session;
    audit_is_enabled;
    audit_log_acct_message;
    audit_log_semanage_message;
    audit_log_user_avc_message;
    audit_log_user_command;
    audit_log_user_comm_message;
    audit_log_user_message;
    audit_machine_to_elf;
    audit_machine_to_name;
    audit_make_equivalent;
    audit_msg_type_to_name;
    audit_name_to_action;
    audit_name_to_errno;
    audit_name_to_field;
    audit_name_to_flag;
    audit_name_to_fstype;
    audit_name_to_ftype;
    audit_name_to_machine;
    audit_name_to_msg_type;
    audit_name_to_syscall;
    audit_name_to_uringop;
    audit_number_to_errmsg;
    audit_open;
    audit_operator_to_symbol;
    _audit_parse_syscall;
    audit_request_features;
    audit_request_rules_list_data;
    audit_request_signal_info;
    audit_request_status;
    audit_reset_backlog_wait_time_actual;
    audit_reset_lost;
    audit_rule_create_data;
    audit_rule_fieldpair_data;
    audit_rule_free_data;
    audit_rule_init_data;
    audit_rule_interfield_comp_data;
    audit_rule_io_uringbyname_data;
    audit_rule_syscallbyname_data;
    __audit_send;
    audit_send;
    audit_set_backlog_limit;
    audit_set_backlog_wait_time;
    audit_set_enabled;
    audit_set_failure;
    audit_set_feature;
    audit_setloginuid;
    audit_set_loginuid_immutable;
    audit_set_pid;
    audit_set_rate_limit;
    audit_syscall_to_name;
    audit_trim_subtrees;
    audit_update_watch_perms;
    audit_uringop_to_name;
    audit_value_needs_encoding;
    get_auditfail_action;
    set_aumessage_mode;
};
